Turbo Assembler	 Version 4.1	    03/14/26 20:57:57	    Page 1
resident.asm



      1	0000			     .model tiny
      2	0000			     .code
      3				     org 100h
      4
      5
      6
      7	      =B800		     VIDEO_SEG		 equ 0B800h
      8	      =002E		     COLOR_TEXT		 equ 00101110b
      9	      =001F		     HOT_KEY_PRINT_FRAME equ 31				 ; symbol 's'
     10	      =0014		     HOT_KEY_UPD_REGS	 equ 20				 ; symbol 't'
     11
     12
     13
     14				     ;--------------------------------------------------------------;
     15				     ;			   set the new handlers			    ;
     16				     ;--------------------------------------------------------------;
     17	0100			     Start:
     18	0100  B8 0000				     mov ax, 0
     19	0103  8E C0				     mov es, ax				 ; reset ES (for access	to change adress of +
     20				     handler)
     21
     22
     23	0105  BB 0024				     mov bx, 09h * 4d			 ; set the offset to change the	adress of   +
     24				     keyboard handler
     25	0108  26: 8B 07				     mov ax, es:[bx]
     26
     27	010B  2E: A3 0213r			     mov cs:[offs_old_hand09], ax	 ; save	the offset of the old handler
     28	010F  26: 8B 47	02			     mov ax, es:[bx + 2]
     29	0113  2E: A3 0215r			     mov cs:[segm_old_hand09], ax	 ; save	the segment of the old handler
     30
     31
     32	0117  FA				     cli				 ; throw off the flag of interruptions
     33
     34	0118  26: C7 07	0154r			     mov es:[bx], offset ShowRegisters	 ; change the offset of	address	of handler
     35	011D  8C C8				     mov ax, cs
     36	011F  26: 89 47	02			     mov es:[bx	+ 2], ax		 ; change the segment of address of handler
     37
     38	0123  FB				     sti				 ; allow interruptions
     39
     40
     41	0124  BB 0020				     mov bx, 08h * 4d			 ; set the offset to change the	adress of   +
     42				     timer handler
     43	0127  26: 8B 07				     mov ax, es:[bx]
     44
     45	012A  2E: A3 0078r			     mov cs:[offs_old_hand08], ax	 ; save	the offset of the old handler
     46	012E  26: 8B 47	02			     mov ax, es:[bx + 2]
     47	0132  2E: A3 007Ar			     mov cs:[segm_old_hand08], ax	 ; save	the segment of the old handler
     48
     49
     50	0136  FA				     cli				 ; throw off the flag of interruptions
     51
     52	0137  26: C7 07	03D3r			     mov es:[bx], offset NewTimeHand	 ; set the offset of the new timer handler
     53	013C  8C C8				     mov ax, cs
     54	013E  26: 89 47	02			     mov es:[bx	+ 2], ax		 ; set the segment of the new timer handler
     55
     56	0142  FB				     sti				 ; allow interruptions
     57
Turbo Assembler	 Version 4.1	    03/14/26 20:57:57	    Page 2
resident.asm



     58
     59	0143  B8 3100				     mov ax, 3100h			 ; keep	resident after finish the program   +
     60				     (don't clear the products of the program)
     61	0146  BA 007Er				     mov dx, offset EndOfProgram	 ;
     62	0149  D1 EA D1 EA D1 EA	D1+		     shr dx, 4d				 ;
     63	      EA
     64	0151  42				     inc dx				 ;
     65	0152  CD 21				     int 21h				 ;
     66				     ;--------------------------------------------------------------;
     67				     ;		    the	end to setting the new handlers		    ;
     68				     ;--------------------------------------------------------------;
     69
     70
     71
     72	0154			     ShowRegisters PROC	NEAR
     73	0154  2E: 89 26	005Cr			     mov cs:[value_sp],	sp		 ; save	the values from
     74	0159  2E: 89 2E	005Ar			     mov cs:[value_bp],	bp		 ; save	the value from BP
     75	015E  2E: A3 004Er			     mov cs:[value_ax],	ax		 ; save	the values of registers	to print
     76
     77	0162  2E: 8B 2E	005Cr			     mov bp, cs:[value_sp]		 ; SP can be change, so	we save	the value SP+
     78				     in	BP
     79	0167  8B 46 00				     mov ax, [bp]			 ; save	values of registers (IP, CS) from   +
     80				     stack
     81	016A  2E: A3 0066r			     mov cs:[value_ip],	ax		 ;
     82	016E  8B 46 02				     mov ax, [bp + 2]			 ;
     83	0171  2E: A3 0064r			     mov cs:[value_cs],	ax		 ;
     84
     85	0175  2E: 89 1E	0050r			     mov cs:[value_bx],	bx		 ;
     86	017A  2E: 89 0E	0052r			     mov cs:[value_cx],	cx		 ;
     87	017F  2E: 89 16	0054r			     mov cs:[value_dx],	dx		 ;
     88	0184  2E: 89 36	0056r			     mov cs:[value_si],	si		 ;
     89	0189  2E: 89 3E	0058r			     mov cs:[value_di],	di		 ;
     90	018E  2E: 8C 1E	005Er			     mov cs:[value_ds],	ds		 ;
     91	0193  2E: 8C 06	0060r			     mov cs:[value_es],	es		 ;
     92	0198  2E: 8C 16	0062r			     mov cs:[value_ss],	ss		 ;
     93
     94											 ; push	isn't necessary, because we already +
     95				     saved values of registers
     96
     97	019D  B8 B800				     mov ax, VIDEO_SEG			 ; set the ES:BX (segment:offset) to the    +
     98				     place of screen, where will be printing a first symbol
     99	01A0  8E C0				     mov es, ax				 ;
    100	01A2  BB 01C0				     mov bx, (80d * 2d + 64d) *	2d	 ;
    101
    102	01A5  E4 60				     in	al, 60h				 ; set symbol code to AL from the port 60h
    103	01A7  3C 1F				     cmp al, HOT_KEY_PRINT_FRAME
    104	01A9  75 06				     jne CheckHotKeyUpdRegs		 ; if (AL != HOT_KEY_PRINT_FRAME): go to    +
    105				     CheckHotKeyUpdRegs
    106	01AB  E8 006A				     call PrintFrame			 ; else: go to PrintFrame
    107	01AE  EB 2C 90				     jmp SkipPrintFrame
    108
    109	01B1			     CheckHotKeyUpdRegs:
    110	01B1  2E: 80 3E	007Cr 00		     cmp cs:[flg_frame_on_scrn], 0
    111	01B7  74 23				     je	SkipPrintFrame			 ; if (frame isn't on the screen) go to	    +
    112				     SkipPrintFrame
    113	01B9  3C 14				     cmp al, HOT_KEY_UPD_REGS		 ;
    114	01BB  74 03				     je	SwitchFlagUpdatingRegs		 ; if (AL == HOT_KEY_UPD_REGS) go to	    +
Turbo Assembler	 Version 4.1	    03/14/26 20:57:57	    Page 3
resident.asm



    115				     SwitchFlagUpdatingRegs
    116	01BD  EB 1D 90				     jmp SkipPrintFrame			 ; else: go to SkipPrintFrame
    117
    118
    119
    120	01C0			     SwitchFlagUpdatingRegs:				 ; change the value of the updating flag
    121	01C0  2E: 80 3E	007Dr 00		     cmp cs:[flg_updating_regs], 0	 ;
    122	01C6  75 0A				     jne TurnOffFlagUpdatingRegs	 ; (if the flag	was be 1, he will be 0)
    123											 ; (if the flag	was be 0, he will be 1)
    124	01C8  2E: C6 06	007Dr 01  +		     mov cs:[flg_updating_regs], 1d	 ;
    125	      90
    126	01CF  EB 0B 90				     jmp SkipPrintFrame			 ;
    127											 ;
    128	01D2			     TurnOffFlagUpdatingRegs:				 ;
    129	01D2  2E: C6 06	007Dr 00  +		     mov cs:[flg_updating_regs], 0d	 ;
    130	      90
    131	01D9  EB 01 90				     jmp SkipPrintFrame			 ;
    132
    133
    134
    135
    136	01DC			     SkipPrintFrame:
    137				     ;		      in al, 61h			  ; tell the keyboard that the signal has   +
    138				     been read
    139				     ;		      or al, 80h			  ;
    140				     ;		      out 61h, al			  ;
    141				     ;		      and al, not 80h			  ;
    142				     ;		      out 61h, al			  ;
    143
    144				     ;		      mov al, 20h			  ; tell the interrupts	handler	that the    +
    145				     handling is finish
    146				     ;		      out 20h, al			  ;
    147
    148
    149	01DC  2E: 8B 26	005Cr			     mov sp, cs:[value_sp]		 ; return the values to	the registers
    150	01E1  2E: 8B 2E	005Ar			     mov bp, cs:[value_bp]		 ; instead of "pop"
    151	01E6  2E: A1 004Er			     mov ax, cs:[value_ax]		 ;
    152	01EA  2E: 8B 1E	0050r			     mov bx, cs:[value_bx]		 ;
    153	01EF  2E: 8B 0E	0052r			     mov cx, cs:[value_cx]		 ;
    154	01F4  2E: 8B 16	0054r			     mov dx, cs:[value_dx]		 ;
    155	01F9  2E: 8B 36	0056r			     mov si, cs:[value_si]		 ;
    156	01FE  2E: 8B 3E	0058r			     mov di, cs:[value_di]		 ;
    157	0203  2E: 8E 1E	005Er			     mov ds, cs:[value_ds]		 ;
    158	0208  2E: 8E 06	0060r			     mov es, cs:[value_es]		 ;
    159	020D  2E: 8E 16	0062r			     mov ss, cs:[value_ss]		 ;
    160
    161
    162	0212  EA				     db	0eah				 ; JMP FAR (return the management to the old+
    163				     handler)
    164	0213  0000		     offs_old_hand09 dw	0				 ;
    165	0215  0000		     segm_old_hand09 dw	0				 ;
    166
    167	0217  C3				     ret				 ; will	not to complete
    168
    169	0218			     ShowRegisters ENDP
    170
    171
Turbo Assembler	 Version 4.1	    03/14/26 20:57:57	    Page 4
resident.asm



    172
    173	0218			     PrintFrame	PROC NEAR
    174	0218  50 53 51 52 56 57	55+		     push ax bx	cx dx si di bp sp ds es	ss
    175	      54 1E 06 16
    176
    177
    178	0223  2E: C6 06	007Cr 01  +		     mov cs:[flg_frame_on_scrn], 1	 ; set the flag	of frame on the	screen
    179	      90
    180
    181	022A  BE 0001				     mov si, 1d				 ; SI is a number of register to the print  +
    182				     (AX - 1; BX - 2; CX - 3; DX - 4; SI - 5; DI - 6; BP - 7; SP - 8; DS - 9; ES - 10; SS - 11;	CS -+
    183				     12; IP - 13)
    184
    185	022D			     PrintString:
    186				     ;--------------------------------------------------------------;
    187				     ;		  prepare the data to printing registers	    ;
    188				     ;--------------------------------------------------------------;
    189	022D  B9 0000				     mov cx, 0				 ; counter (we need to print 4 symbols for  +
    190				     each register) for	label "PrintValue"
    191
    192											 ; switch (si) {
    193	0230  83 FE 01				     cmp si, 1d				 ;   case 1:
    194	0233  74 48					 je PrepareAX			 ;	 go to PrepareAX
    195	0235  83 FE 02				     cmp si, 2d				 ;   case 2:
    196	0238  74 4E					 je PrepareBX			 ;	 go to PrepareBX
    197	023A  83 FE 03				     cmp si, 3d				 ;   case 3:
    198	023D  74 54					 je PrepareCX			 ;	 go to PrepareCX
    199	023F  83 FE 04				     cmp si, 4d				 ;   case 4:
    200	0242  74 5A					 je PrepareDX			 ;	 go to PrepareDX
    201	0244  83 FE 05				     cmp si, 5d				 ;   case 5:
    202	0247  74 60					 je PrepareSI			 ;	 go to PrepareSI
    203	0249  83 FE 06				     cmp si, 6d				 ;   case 6:
    204	024C  74 66					 je PrepareDI			 ;	 go to PrepareDI
    205	024E  83 FE 07				     cmp si, 7d				 ;   case 7:
    206	0251  74 6C					 je PrepareBP			 ;	 go to PrepareBP
    207	0253  83 FE 08				     cmp si, 8d				 ;   case 8:
    208	0256  74 72					 je PrepareSP			 ;	 go to PrepareSP
    209	0258  83 FE 09				     cmp si, 9d				 ;   case 9:
    210	025B  74 78					 je PrepareDS			 ;	 go to PrepareDS
    211	025D  83 FE 0A				     cmp si, 10d			 ;   case 10:
    212	0260  74 7E					 je PrepareES			 ;	 go to PrepareES
    213	0262  83 FE 0B				     cmp si, 11d			 ;   case 11:
    214	0265  75 03					 jne CheckCS			 ;
    215	0267  E9 0081					 jmp near ptr PrepareSS		 ;	 go to PrepareSS
    216	026A  83 FE 0C		     CheckCS:	     cmp si, 12d			 ;   case 12:
    217	026D  75 03					 jne CheckIP			 ;
    218	026F  E9 0084					 jmp near ptr PrepareCS		 ;	 go to PrepareCS
    219	0272  83 FE 0D		     CheckIP:	     cmp si, 13d			 ;   case 13:
    220	0275  75 03					 jne CheckDefault		 ;
    221	0277  E9 0087					 jmp near ptr PrepareIP		 ;	 go to PrepareIP
    222	027A  E9 008F		     CheckDefault:   jmp DefaultRegister		 ;   default:
    223											 ;	 go to DefaultRegister}
    224
    225
    226
    227	027D			     PrepareAX:
    228	027D  BF 0000r				     mov di, offset base_text_ax	 ; set offset the symbol for print to DI
Turbo Assembler	 Version 4.1	    03/14/26 20:57:57	    Page 5
resident.asm



    229
    230	0280  2E: 8B 16	004Er			     mov dx, cs:[value_ax]		 ; the value will be keep in DX
    231	0285  E9 0089				     jmp PrintBaseString
    232
    233	0288			     PrepareBX:
    234	0288  BF 0006r				     mov di, offset base_text_bx	 ; set offset the symbol for print to DI
    235
    236	028B  2E: 8B 16	0050r			     mov dx, cs:[value_bx]		 ; the value will be keep in DX
    237	0290  EB 7F 90				     jmp PrintBaseString
    238
    239	0293			     PrepareCX:
    240	0293  BF 000Cr				     mov di, offset base_text_cx	 ; set offset the symbol for print to DI
    241
    242	0296  2E: 8B 16	0052r			     mov dx, cs:[value_cx]		 ; the value will be keep in DX
    243	029B  EB 74 90				     jmp PrintBaseString
    244
    245	029E			     PrepareDX:
    246	029E  BF 0012r				     mov di, offset base_text_dx	 ; set offset the symbol for print to DI
    247
    248	02A1  2E: 8B 16	0054r			     mov dx, cs:[value_dx]		 ; the value will be keep in DX
    249	02A6  EB 69 90				     jmp PrintBaseString
    250
    251	02A9			     PrepareSI:
    252	02A9  BF 0018r				     mov di, offset base_text_si	 ; set offset the symbol for print to DI
    253
    254	02AC  2E: 8B 16	0056r			     mov dx, cs:[value_si]		 ; the value will be keep in DX
    255	02B1  EB 5E 90				     jmp PrintBaseString
    256
    257	02B4			     PrepareDI:
    258	02B4  BF 001Er				     mov di, offset base_text_di	 ; set offset the symbol for print to DI
    259
    260	02B7  2E: 8B 16	0058r			     mov dx, cs:[value_di]		 ; the value will be keep in DX
    261	02BC  EB 53 90				     jmp PrintBaseString
    262
    263	02BF			     PrepareBP:
    264	02BF  BF 0024r				     mov di, offset base_text_bp	 ; set offset the symbol for print to DI
    265
    266	02C2  2E: 8B 16	005Ar			     mov dx, cs:[value_bp]		 ; the value will be keep in DX
    267	02C7  EB 48 90				     jmp PrintBaseString
    268
    269	02CA			     PrepareSP:
    270	02CA  BF 002Ar				     mov di, offset base_text_sp	 ; set offset the symbol for print to DI
    271
    272	02CD  2E: 8B 16	005Cr			     mov dx, cs:[value_sp]		 ; the value will be keep in DX
    273	02D2  EB 3D 90				     jmp PrintBaseString
    274
    275	02D5			     PrepareDS:
    276	02D5  BF 0030r				     mov di, offset base_text_ds	 ; set offset the symbol for print to DI
    277
    278	02D8  2E: 8B 16	005Er			     mov dx, cs:[value_ds]		 ; the value will be keep in DX
    279	02DD  EB 32 90				     jmp PrintBaseString
    280
    281	02E0			     PrepareES:
    282	02E0  BF 0036r				     mov di, offset base_text_es	 ; set offset the symbol for print to DI
    283
    284	02E3  2E: 8B 16	0060r			     mov dx, cs:[value_es]		 ; the value will be keep in DX
    285	02E8  EB 27 90				     jmp PrintBaseString
Turbo Assembler	 Version 4.1	    03/14/26 20:57:57	    Page 6
resident.asm



    286
    287	02EB			     PrepareSS:
    288	02EB  BF 003Cr				     mov di, offset base_text_ss	 ; set offset the symbol for print to DI
    289
    290	02EE  2E: 8B 16	0062r			     mov dx, cs:[value_ss]		 ; the value will be keep in DX
    291	02F3  EB 1C 90				     jmp PrintBaseString
    292
    293	02F6			     PrepareCS:
    294	02F6  BF 0042r				     mov di, offset base_text_cs	 ; set offset the symbol for print to DI
    295
    296	02F9  2E: 8B 16	0064r			     mov dx, cs:[value_cs]		 ; the value will be keep in DX
    297	02FE  EB 11 90				     jmp PrintBaseString
    298
    299	0301			     PrepareIP:
    300	0301  BF 0048r				     mov di, offset base_text_ip	 ; set offset the symbol for print to DI
    301
    302	0304  2E: 8B 16	0066r			     mov dx, cs:[value_ip]		 ; the value will be keep in DX
    303	0309  EB 06 90				     jmp PrintBaseString
    304
    305	030C			     DefaultRegister:
    306	030C  B8 4C00				     mov ax, 4c00h
    307	030F  CD 21				     int 21h
    308				     ;--------------------------------------------------------------;
    309				     ;			   the end of preparing			    ;
    310				     ;--------------------------------------------------------------;
    311
    312
    313
    314				     ;--------------------------------------------------------------;
    315				     ;			 start to print	registers		    ;
    316				     ;--------------------------------------------------------------;
    317	0311			     PrintBaseString:
    318	0311  2E: 8A 05				     mov al, cs:[di]			 ; transfer the	symbol from CS:[DI] to AL   +
    319				     (exacly CS, cause CS - segment where saved	all functions and strings)
    320	0314  B4 2E				     mov ah, COLOR_TEXT
    321
    322	0316  3C 24				     cmp al, '$'			 ; if (symbol == '$'): go to PrintValue
    323	0318  74 09				     je	PrintValue			 ;
    324
    325	031A  26: 89 07				     mov es:[bx], ax			 ; print symbol	in his place
    326	031D  83 C3 02				     add bx, 2d				 ; moving the place of print to	1 position  +
    327				     (2	bytes)
    328
    329	0320  47				     inc di				 ; get the next	adress of symbol in	    +
    330				     base_text_ax
    331	0321  EB EE				     jmp PrintBaseString
    332
    333
    334	0323			     PrintValue:
    335	0323  D1 C2 D1 C2 D1 C2	D1+		     rol dx, 4d				 ; set to position 4 bits
    336	      C2
    337	032B  8B FA				     mov di, dx
    338	032D  83 E7 0F				     and di, 0000000000001111b		 ; reset the remaining bits
    339	0330  81 C7 0068r			     add di, offset convert_num		 ; DI -	offset to the right symbol in str   +
    340				     convert_num, so CS:[DI] - symbol in HEX
    341
    342	0334  2E: 8A 05				     mov al, cs:[di]			 ; transfer the	symbol from CS:[DI] to AL
Turbo Assembler	 Version 4.1	    03/14/26 20:57:57	    Page 7
resident.asm



    343	0337  B4 2E				     mov ah, COLOR_TEXT
    344
    345	0339  26: 89 07				     mov es:[bx], ax			 ; update the place (ES:[BX]) and print	the +
    346				     symbol
    347	033C  83 C3 02				     add bx, 2d				 ;
    348
    349	033F  41				     inc cx				 ; counter++
    350	0340  83 F9 04				     cmp cx, 4d				 ; if (cx < 4):	go to PrintValue
    351	0343  72 DE				     jb	PrintValue			 ;
    352
    353
    354	0345  81 C3 008E			     add bx, 2 * (80 - 9)		 ; transfer BX on the next string
    355	0349  46				     inc si
    356	034A  83 FE 0D				     cmp si, 13d			 ; if (SI > 13):	//13 - number of    +
    357				     registers to print
    358	034D  77 03				     ja	MakeFrame			 ; go to MakeFrame
    359	034F  E9 FEDB				     jmp near ptr PrintString		 ; else: go to PrintString
    360				     ;--------------------------------------------------------------;
    361				     ;			 the end printing registers		    ;
    362				     ;--------------------------------------------------------------;
    363
    364
    365
    366	0352			     MakeFrame:
    367				     ;--------------------------------------------------------------;
    368				     ;			  start	to make	a frame			    ;
    369				     ;--------------------------------------------------------------;
    370	0352  B9 0000				     mov cx, 0				 ; CX -	counter	of symbols
    371	0355			     MakeHorizontalLowerLine:
    372	0355  B0 CD				     mov al, 205			 ; ASCII code of the horizontal	symbol
    373	0357  B4 2E				     mov ah, COLOR_TEXT
    374	0359  26: 89 07				     mov es:[bx], ax
    375
    376	035C  83 C3 02				     add bx, 2d				 ; change the position of printing
    377	035F  41				     inc cx
    378
    379	0360  83 F9 09				     cmp cx, 9d				 ; if (cx < 9):
    380	0363  72 F0				     jb	MakeHorizontalLowerLine		 ; go to MakeHorizontalLowerLine
    381
    382
    383	0365			     MakeLowerRightCornerCharacter:
    384	0365  B0 BC				     mov al, 188			 ; ASCII code of the lower-right corner	    +
    385				     character
    386	0367  B4 2E				     mov ah, COLOR_TEXT
    387	0369  26: 89 07				     mov es:[bx], ax
    388
    389
    390	036C  81 EB 00A0			     sub bx, 2d	* 80d			 ; change the position of printing to the   +
    391				     next part of frame
    392	0370  B9 0000				     mov cx, 0				 ; CX -	counter	of symbols
    393	0373			     MakeVerticalRightLine:
    394	0373  B0 BA				     mov al, 186			 ; ASCII code of the vertical symbol
    395	0375  B4 2E				     mov ah, COLOR_TEXT
    396	0377  26: 89 07				     mov es:[bx], ax
    397
    398	037A  81 EB 00A0			     sub bx, 2d	* 80d			 ; change the position of printing
    399	037E  41				     inc cx
Turbo Assembler	 Version 4.1	    03/14/26 20:57:57	    Page 8
resident.asm



    400
    401	037F  83 F9 0D				     cmp cx, 13d			 ; if (cx < 9):
    402	0382  72 EF				     jb	MakeVerticalRightLine		 ; go to MakeVerticalRightLine
    403
    404
    405	0384			     MakeUpperRightCornerCharacter:
    406	0384  B0 BB				     mov al, 187			 ; ASCII code of the upper-right corner	    +
    407				     character
    408	0386  B4 2E				     mov ah, COLOR_TEXT
    409	0388  26: 89 07				     mov es:[bx], ax
    410
    411
    412	038B  83 EB 02				     sub bx, 2d				 ; change the position of printing to the   +
    413				     next part of frame
    414	038E  B9 0000				     mov cx, 0				 ; CX -	counter	of symbols
    415	0391			     MakeHorizontalUpperLine:
    416	0391  B0 CD				     mov al, 205			 ; ASCII code of the horizontal	symbol
    417	0393  B4 2E				     mov ah, COLOR_TEXT
    418	0395  26: 89 07				     mov es:[bx], ax
    419
    420	0398  83 EB 02				     sub bx, 2d				 ; change the position of printing
    421	039B  41				     inc cx
    422
    423	039C  83 F9 09				     cmp cx, 9d				 ; if (cx < 9):
    424	039F  72 F0				     jb	MakeHorizontalUpperLine		 ; go to MakeHorizontalUpperLine
    425
    426
    427	03A1			     MakeUpperLeftCornerCharacter:
    428	03A1  B0 C9				     mov al, 201			 ; ASCII code of the upper-right corner	    +
    429				     character
    430	03A3  B4 2E				     mov ah, COLOR_TEXT
    431	03A5  26: 89 07				     mov es:[bx], ax
    432
    433
    434	03A8  81 C3 00A0			     add bx, 2d	* 80d			 ; change the position of printing to the   +
    435				     next part of frame
    436	03AC  B9 0000				     mov cx, 0				 ; CX -	counter	of symbols
    437	03AF			     MakeVerticalLeftLine:
    438	03AF  B0 BA				     mov al, 186			 ; ASCII code of the vertical symbol
    439	03B1  B4 2E				     mov ah, COLOR_TEXT
    440	03B3  26: 89 07				     mov es:[bx], ax
    441
    442	03B6  81 C3 00A0			     add bx, 2d	* 80d			 ; change the position of printing
    443	03BA  41				     inc cx
    444
    445	03BB  83 F9 0D				     cmp cx, 13d			 ; if (cx < 9):
    446	03BE  72 EF				     jb	MakeVerticalLeftLine		 ; go to MakeVerticalLeftLine
    447
    448
    449	03C0			     MakeLowerLeftCornerCharacter:
    450	03C0  B0 C8				     mov al, 200			 ; ASCII code of the upper-right corner	    +
    451				     character
    452	03C2  B4 2E				     mov ah, COLOR_TEXT
    453	03C4  26: 89 07				     mov es:[bx], ax
    454				     ;--------------------------------------------------------------;
    455				     ;			 the end to make a frame		    ;
    456				     ;--------------------------------------------------------------;
Turbo Assembler	 Version 4.1	    03/14/26 20:57:57	    Page 9
resident.asm



    457
    458
    459
    460	03C7			     EndOfPrintingRegisters:
    461	03C7  17 07 1F 5C 5D 5F	5E+		     pop ss es ds sp bp	di si dx cx bx ax
    462	      5A 59 5B 58
    463	03D2  C3				     ret
    464
    465	03D3			     PrintFrame	ENDP
    466
    467
    468
    469				     ;--------------------------------------------------------------;
    470				     ;		     updating registers	in real	time		    ;
    471				     ;--------------------------------------------------------------;
    472	03D3			     NewTimeHand PROC NEAR
    473	03D3  2E: 89 26	005Cr			     mov cs:[value_sp],	sp		 ; save	the values from
    474	03D8  2E: 89 2E	005Ar			     mov cs:[value_bp],	bp		 ; save	the value from BP
    475	03DD  2E: A3 004Er			     mov cs:[value_ax],	ax		 ; save	the values of registers	to print
    476
    477	03E1  2E: 8B 2E	005Cr			     mov bp, cs:[value_sp]		 ; SP can be change, so	we save	the value SP+
    478				     in	BP
    479	03E6  8B 46 00				     mov ax, [bp]			 ; save	values of registers (IP, CS) from   +
    480				     stack
    481	03E9  2E: A3 0066r			     mov cs:[value_ip],	ax		 ;
    482	03ED  8B 46 02				     mov ax, [bp + 2]			 ;
    483	03F0  2E: A3 0064r			     mov cs:[value_cs],	ax		 ;
    484
    485	03F4  2E: 89 1E	0050r			     mov cs:[value_bx],	bx		 ;
    486	03F9  2E: 89 0E	0052r			     mov cs:[value_cx],	cx		 ;
    487	03FE  2E: 89 16	0054r			     mov cs:[value_dx],	dx		 ;
    488	0403  2E: 89 36	0056r			     mov cs:[value_si],	si		 ;
    489	0408  2E: 89 3E	0058r			     mov cs:[value_di],	di		 ;
    490	040D  2E: 8C 1E	005Er			     mov cs:[value_ds],	ds		 ;
    491	0412  2E: 8C 06	0060r			     mov cs:[value_es],	es		 ;
    492	0417  2E: 8C 16	0062r			     mov cs:[value_ss],	ss		 ;
    493
    494
    495	041C  9C				     pushf
    496	041D  2E: FF 1E	0078r			     call dword	ptr cs:[offs_old_hand08]
    497
    498
    499	0422  2E: 80 3E	007Dr 00		     cmp cs:[flg_updating_regs], 0	 ; if (flag of the udating registers is	ON):
    500	0428  75 03				     jne UpdateRegisters		 ;   go	to UpdateRegisters
    501	042A  EB 0C 90				     jmp EndOfUpdatingRegisters		 ; else: go to EndOfUpdatingRegisters
    502
    503	042D			     UpdateRegisters:
    504	042D  B8 B800				     mov ax, VIDEO_SEG			 ; set the ES:BX (segment:offset) to the    +
    505				     place of screen, where will be printing a first symbol
    506	0430  8E C0				     mov es, ax				 ;
    507	0432  BB 01C0				     mov bx, (80d * 2d + 64d) *	2d	 ;
    508
    509	0435  E8 FDE0				     call PrintFrame
    510
    511
    512	0438			     EndOfUpdatingRegisters:
    513	0438  2E: 8B 26	005Cr			     mov sp, cs:[value_sp]		 ; return the values to	the registers
Turbo Assembler	 Version 4.1	    03/14/26 20:57:57	    Page 10
resident.asm



    514	043D  2E: 8B 2E	005Ar			     mov bp, cs:[value_bp]		 ; instead of "pop"
    515	0442  2E: A1 004Er			     mov ax, cs:[value_ax]		 ;
    516	0446  2E: 8B 1E	0050r			     mov bx, cs:[value_bx]		 ;
    517	044B  2E: 8B 0E	0052r			     mov cx, cs:[value_cx]		 ;
    518	0450  2E: 8B 16	0054r			     mov dx, cs:[value_dx]		 ;
    519	0455  2E: 8B 36	0056r			     mov si, cs:[value_si]		 ;
    520	045A  2E: 8B 3E	0058r			     mov di, cs:[value_di]		 ;
    521	045F  2E: 8E 1E	005Er			     mov ds, cs:[value_ds]		 ;
    522	0464  2E: 8E 06	0060r			     mov es, cs:[value_es]		 ;
    523	0469  2E: 8E 16	0062r			     mov ss, cs:[value_ss]		 ;
    524
    525	046E  CF				     iret
    526
    527	046F			     NewTimeHand ENDP
    528				     ;--------------------------------------------------------------;
    529				     ;		the end	of updating registers in real time	    ;
    530				     ;--------------------------------------------------------------;
    531
    532
    533
    534	046F			     .data
    535	0000  41 58 20 3D 20 24	     base_text_ax db 'AX = ', '$'
    536	0006  42 58 20 3D 20 24	     base_text_bx db 'BX = ', '$'
    537	000C  43 58 20 3D 20 24	     base_text_cx db 'CX = ', '$'
    538	0012  44 58 20 3D 20 24	     base_text_dx db 'DX = ', '$'
    539	0018  53 49 20 3D 20 24	     base_text_si db 'SI = ', '$'
    540	001E  44 49 20 3D 20 24	     base_text_di db 'DI = ', '$'
    541	0024  42 50 20 3D 20 24	     base_text_bp db 'BP = ', '$'
    542	002A  53 50 20 3D 20 24	     base_text_sp db 'SP = ', '$'
    543	0030  44 53 20 3D 20 24	     base_text_ds db 'DS = ', '$'
    544	0036  45 53 20 3D 20 24	     base_text_es db 'ES = ', '$'
    545	003C  53 53 20 3D 20 24	     base_text_ss db 'SS = ', '$'
    546	0042  43 53 20 3D 20 24	     base_text_cs db 'CS = ', '$'
    547	0048  49 50 20 3D 20 24	     base_text_ip db 'IP = ', '$'
    548	004E  0000		     value_ax	  dw 0
    549	0050  0000		     value_bx	  dw 0
    550	0052  0000		     value_cx	  dw 0
    551	0054  0000		     value_dx	  dw 0
    552	0056  0000		     value_si	  dw 0
    553	0058  0000		     value_di	  dw 0
    554	005A  0000		     value_bp	  dw 0
    555	005C  0000		     value_sp	  dw 0
    556	005E  0000		     value_ds	  dw 0
    557	0060  0000		     value_es	  dw 0
    558	0062  0000		     value_ss	  dw 0
    559	0064  0000		     value_cs	  dw 0
    560	0066  0000		     value_ip	  dw 0
    561	0068  30 31 32 33 34 35	36+  convert_num  db "0123456789ABCDEF"
    562	      37 38 39 41 42 43	44+
    563	      45 46
    564
    565	0078  0000		     offs_old_hand08	 dw 0
    566	007A  0000		     segm_old_hand08	 dw 0
    567
    568	007C  00		     flg_frame_on_scrn	 db 0
    569	007D  00		     flg_updating_regs	 db 0
    570
Turbo Assembler	 Version 4.1	    03/14/26 20:57:57	    Page 11
resident.asm



    571
    572
    573	007E			     EndOfProgram:
    574				     End	     Start
Turbo Assembler	 Version 4.1	    03/14/26 20:57:57	    Page 12
Symbol Table




Symbol Name			  Type	 Value

??DATE				  Text	 "03/14/26"
??FILENAME			  Text	 "resident"
??TIME				  Text	 "20:57:57"
??VERSION			  Number 040A
@32BIT				  Text	 0
@CODE				  Text	 DGROUP
@CODESIZE			  Text	 0
@CPU				  Text	 0101H
@CURSEG				  Text	 _DATA
@DATA				  Text	 DGROUP
@DATASIZE			  Text	 0
@FILENAME			  Text	 RESIDENT
@INTERFACE			  Text	 000H
@MODEL				  Text	 1
@STACK				  Text	 DGROUP
@WORDSIZE			  Text	 2
BASE_TEXT_AX			  Byte	 DGROUP:0000
BASE_TEXT_BP			  Byte	 DGROUP:0024
BASE_TEXT_BX			  Byte	 DGROUP:0006
BASE_TEXT_CS			  Byte	 DGROUP:0042
BASE_TEXT_CX			  Byte	 DGROUP:000C
BASE_TEXT_DI			  Byte	 DGROUP:001E
BASE_TEXT_DS			  Byte	 DGROUP:0030
BASE_TEXT_DX			  Byte	 DGROUP:0012
BASE_TEXT_ES			  Byte	 DGROUP:0036
BASE_TEXT_IP			  Byte	 DGROUP:0048
BASE_TEXT_SI			  Byte	 DGROUP:0018
BASE_TEXT_SP			  Byte	 DGROUP:002A
BASE_TEXT_SS			  Byte	 DGROUP:003C
CHECKCS				  Near	 DGROUP:026A
CHECKDEFAULT			  Near	 DGROUP:027A
CHECKHOTKEYUPDREGS		  Near	 DGROUP:01B1
CHECKIP				  Near	 DGROUP:0272
COLOR_TEXT			  Number 002E
CONVERT_NUM			  Byte	 DGROUP:0068
DEFAULTREGISTER			  Near	 DGROUP:030C
ENDOFPRINTINGREGISTERS		  Near	 DGROUP:03C7
ENDOFPROGRAM			  Near	 DGROUP:007E
ENDOFUPDATINGREGISTERS		  Near	 DGROUP:0438
FLG_FRAME_ON_SCRN		  Byte	 DGROUP:007C
FLG_UPDATING_REGS		  Byte	 DGROUP:007D
HOT_KEY_PRINT_FRAME		  Number 001F
HOT_KEY_UPD_REGS		  Number 0014
MAKEFRAME			  Near	 DGROUP:0352
MAKEHORIZONTALLOWERLINE		  Near	 DGROUP:0355
MAKEHORIZONTALUPPERLINE		  Near	 DGROUP:0391
MAKELOWERLEFTCORNERCHARACTER	  Near	 DGROUP:03C0
MAKELOWERRIGHTCORNERCHARACTER	  Near	 DGROUP:0365
MAKEUPPERLEFTCORNERCHARACTER	  Near	 DGROUP:03A1
MAKEUPPERRIGHTCORNERCHARACTER	  Near	 DGROUP:0384
MAKEVERTICALLEFTLINE		  Near	 DGROUP:03AF
MAKEVERTICALRIGHTLINE		  Near	 DGROUP:0373
NEWTIMEHAND			  Near	 DGROUP:03D3
OFFS_OLD_HAND08			  Word	 DGROUP:0078
Turbo Assembler	 Version 4.1	    03/14/26 20:57:57	    Page 13
Symbol Table



OFFS_OLD_HAND09			  Word	 DGROUP:0213
PREPAREAX			  Near	 DGROUP:027D
PREPAREBP			  Near	 DGROUP:02BF
PREPAREBX			  Near	 DGROUP:0288
PREPARECS			  Near	 DGROUP:02F6
PREPARECX			  Near	 DGROUP:0293
PREPAREDI			  Near	 DGROUP:02B4
PREPAREDS			  Near	 DGROUP:02D5
PREPAREDX			  Near	 DGROUP:029E
PREPAREES			  Near	 DGROUP:02E0
PREPAREIP			  Near	 DGROUP:0301
PREPARESI			  Near	 DGROUP:02A9
PREPARESP			  Near	 DGROUP:02CA
PREPARESS			  Near	 DGROUP:02EB
PRINTBASESTRING			  Near	 DGROUP:0311
PRINTFRAME			  Near	 DGROUP:0218
PRINTSTRING			  Near	 DGROUP:022D
PRINTVALUE			  Near	 DGROUP:0323
SEGM_OLD_HAND08			  Word	 DGROUP:007A
SEGM_OLD_HAND09			  Word	 DGROUP:0215
SHOWREGISTERS			  Near	 DGROUP:0154
SKIPPRINTFRAME			  Near	 DGROUP:01DC
START				  Near	 DGROUP:0100
SWITCHFLAGUPDATINGREGS		  Near	 DGROUP:01C0
TURNOFFFLAGUPDATINGREGS		  Near	 DGROUP:01D2
UPDATEREGISTERS			  Near	 DGROUP:042D
VALUE_AX			  Word	 DGROUP:004E
VALUE_BP			  Word	 DGROUP:005A
VALUE_BX			  Word	 DGROUP:0050
VALUE_CS			  Word	 DGROUP:0064
VALUE_CX			  Word	 DGROUP:0052
VALUE_DI			  Word	 DGROUP:0058
VALUE_DS			  Word	 DGROUP:005E
VALUE_DX			  Word	 DGROUP:0054
VALUE_ES			  Word	 DGROUP:0060
VALUE_IP			  Word	 DGROUP:0066
VALUE_SI			  Word	 DGROUP:0056
VALUE_SP			  Word	 DGROUP:005C
VALUE_SS			  Word	 DGROUP:0062
VIDEO_SEG			  Number B800

Groups & Segments		  Bit Size Align  Combine Class

DGROUP				  Group
  _DATA				  16  007E Word	  Public  DATA
  _TEXT				  16  046F Word	  Public  CODE
