Turbo Assembler	 Version 4.1	    03/13/26 22:57:31	    Page 1
resident.asm



      1	0000			     .model tiny
      2	0000			     .code
      3				     org 100h
      4
      5
      6
      7	      =B800		     VIDEO_SEG	     equ 0B800h
      8	      =002E		     COLOR_TEXT	     equ 00101110b
      9	      =001F		     HOT_KEY	     equ 31
     10
     11
     12
     13				     ;--------------------------------------------------------------;
     14				     ;			set the	new keyboard handler		    ;
     15				     ;--------------------------------------------------------------;
     16	0100			     Start:
     17	0100  B8 3509				     mov ax, 3509h			 ; return the adress of	handler	to ES:BX
     18	0103  CD 21				     int 21h
     19
     20	0105  2E: 89 1E	01C8r			     mov cs:[offs_old_hand09], bx	 ; save	the offset of the old handler
     21	010A  8C C3				     mov bx, es
     22	010C  2E: 89 1E	01CAr			     mov cs:[segm_old_hand09], bx	 ; save	the segment of the old handler
     23
     24
     25	0111  FA				     cli				 ; throw off the flag of interruptions
     26
     27	0112  B8 0000				     mov ax, 0h
     28	0115  8E C0				     mov es, ax				 ; reset ES (for access	to change adress of +
     29				     handler)
     30
     31	0117  BB 0024				     mov bx, 09h * 4			 ; set the offset to change the	adress of   +
     32				     handler
     33	011A  26: C7 07	0137r			     mov es:[bx], offset ShowRegisters	 ; change the offset of	address	of handler
     34	011F  8C C8				     mov ax, cs
     35	0121  26: 89 47	02			     mov es:[bx	+ 2], ax		 ; change the segment of address of handler
     36
     37	0125  FB				     sti				 ; allow interruptions
     38
     39
     40	0126  B8 3100				     mov ax, 3100h			 ; keep	resident after finish the program   +
     41				     (don't clear the products of the program)
     42	0129  BA 0078r				     mov dx, offset EndOfProgram	 ;
     43	012C  D1 EA D1 EA D1 EA	D1+		     shr dx, 4				 ;
     44	      EA
     45	0134  42				     inc dx				 ;
     46	0135  CD 21				     int 21h				 ;
     47				     ;--------------------------------------------------------------;
     48				     ;	       the end to setting the new keyboard handler	    ;
     49				     ;--------------------------------------------------------------;
     50
     51
     52
     53	0137			     ShowRegisters PROC	NEAR
     54	0137  2E: 89 26	005Cr			     mov cs:[value_sp],	sp		 ; save	the values from
     55	013C  2E: 89 2E	005Ar			     mov cs:[value_bp],	bp		 ; save	the value from BP
     56	0141  2E: A3 004Er			     mov cs:[value_ax],	ax		 ; save	the values of registers	to print
     57
Turbo Assembler	 Version 4.1	    03/13/26 22:57:31	    Page 2
resident.asm



     58	0145  2E: 8B 2E	005Cr			     mov bp, cs:[value_sp]		 ; SP can be change, so	we save	the value SP+
     59				     in	BP
     60	014A  8B 46 00				     mov ax, [bp]			 ; save	values of registers (IP, CS) from   +
     61				     stack
     62	014D  2E: A3 0066r			     mov cs:[value_ip],	ax		 ;
     63	0151  8B 46 02				     mov ax, [bp + 2]			 ;
     64	0154  2E: A3 0064r			     mov cs:[value_cs],	ax		 ;
     65
     66	0158  2E: 89 1E	0050r			     mov cs:[value_bx],	bx		 ;
     67	015D  2E: 89 0E	0052r			     mov cs:[value_cx],	cx		 ;
     68	0162  2E: 89 16	0054r			     mov cs:[value_dx],	dx		 ;
     69	0167  2E: 89 36	0056r			     mov cs:[value_si],	si		 ;
     70	016C  2E: 89 3E	0058r			     mov cs:[value_di],	di		 ;
     71	0171  2E: 8C 1E	005Er			     mov cs:[value_ds],	ds		 ;
     72	0176  2E: 8C 06	0060r			     mov cs:[value_es],	es		 ;
     73	017B  2E: 8C 16	0062r			     mov cs:[value_ss],	ss		 ;
     74
     75											 ; push	isn't necessary, because we already +
     76				     saved values of registers
     77
     78	0180  B8 B800				     mov ax, VIDEO_SEG			 ; set the ES:BX (segment:offset) to the    +
     79				     place of screen, where will be printing a first symbol
     80	0183  8E C0				     mov es, ax				 ;
     81	0185  BB 01C0				     mov bx, (80d * 2d + 64d) *	2d	 ;
     82
     83	0188  E4 60				     in	al, 60h				 ; set symbol code to AL from the port 60h
     84	018A  3C 1F				     cmp al, HOT_KEY			 ; compare AL with the HOT_KEY
     85	018C  75 03				     jne SkipPrintFrame			 ; if (AL != HOT_KEY) go to SkipPrintFrame
     86	018E  E8 003C				     call PrintFrame			 ; else	go to PrintFrame
     87
     88
     89	0191			     SkipPrintFrame:
     90				     ;		      in al, 61h			  ; tell the keyboard that the signal has   +
     91				     been read
     92				     ;		      or al, 80h			  ;
     93				     ;		      out 61h, al			  ;
     94				     ;		      and al, not 80h			  ;
     95				     ;		      out 61h, al			  ;
     96
     97				     ;		      mov al, 20h			  ; tell the interrupts	handler	that the    +
     98				     handling is finish
     99				     ;		      out 20h, al			  ;
    100
    101
    102	0191  2E: 8B 26	005Cr			     mov sp, cs:[value_sp]		 ; return the values to	the registers
    103	0196  2E: 8B 2E	005Ar			     mov bp, cs:[value_bp]		 ; instead of "pop"
    104	019B  2E: A1 004Er			     mov ax, cs:[value_ax]		 ;
    105	019F  2E: 8B 1E	0050r			     mov bx, cs:[value_bx]		 ;
    106	01A4  2E: 8B 0E	0052r			     mov cx, cs:[value_cx]		 ;
    107	01A9  2E: 8B 16	0054r			     mov dx, cs:[value_dx]		 ;
    108	01AE  2E: 8B 36	0056r			     mov si, cs:[value_si]		 ;
    109	01B3  2E: 8B 3E	0058r			     mov di, cs:[value_di]		 ;
    110	01B8  2E: 8E 1E	005Er			     mov ds, cs:[value_ds]		 ;
    111	01BD  2E: 8E 06	0060r			     mov es, cs:[value_es]		 ;
    112	01C2  2E: 8E 16	0062r			     mov ss, cs:[value_ss]		 ;
    113
    114
Turbo Assembler	 Version 4.1	    03/13/26 22:57:31	    Page 3
resident.asm



    115	01C7  EA				     db	0eah				 ; JMP FAR (return the management to the old+
    116				     handler)
    117	01C8  0000		     offs_old_hand09 dw	0				 ;
    118	01CA  0000		     segm_old_hand09 dw	0				 ;
    119
    120	01CC  C3				     ret				 ; will	not to complete
    121
    122	01CD			     ShowRegisters ENDP
    123
    124
    125
    126	01CD			     PrintFrame	PROC NEAR
    127	01CD  50 53 51 52 56 57	55+		     push ax bx	cx dx si di bp sp ds es	ss
    128	      54 1E 06 16
    129
    130
    131	01D8  BE 0001				     mov si, 1d				 ; SI is a number of register to the print  +
    132				     (AX - 1; BX - 2; CX - 3; DX - 4; SI - 5; DI - 6; BP - 7; SP - 8; DS - 9; ES - 10; SS - 11;	CS -+
    133				     12; IP - 13)
    134
    135	01DB			     PrintString:
    136				     ;--------------------------------------------------------------;
    137				     ;		  prepare the data to printing registers	    ;
    138				     ;--------------------------------------------------------------;
    139	01DB  B9 0000				     mov cx, 0				 ; counter (we need to print 4 symbols for  +
    140				     each register) for	label "PrintValue"
    141
    142											 ; switch (si) {
    143	01DE  83 FE 01				     cmp si, 1d				 ;   case 1:
    144	01E1  74 48					 je PrepareAX			 ;	 go to PrepareAX
    145	01E3  83 FE 02				     cmp si, 2d				 ;   case 2:
    146	01E6  74 4E					 je PrepareBX			 ;	 go to PrepareBX
    147	01E8  83 FE 03				     cmp si, 3d				 ;   case 3:
    148	01EB  74 54					 je PrepareCX			 ;	 go to PrepareCX
    149	01ED  83 FE 04				     cmp si, 4d				 ;   case 4:
    150	01F0  74 5A					 je PrepareDX			 ;	 go to PrepareDX
    151	01F2  83 FE 05				     cmp si, 5d				 ;   case 5:
    152	01F5  74 60					 je PrepareSI			 ;	 go to PrepareSI
    153	01F7  83 FE 06				     cmp si, 6d				 ;   case 6:
    154	01FA  74 66					 je PrepareDI			 ;	 go to PrepareDI
    155	01FC  83 FE 07				     cmp si, 7d				 ;   case 7:
    156	01FF  74 6C					 je PrepareBP			 ;	 go to PrepareBP
    157	0201  83 FE 08				     cmp si, 8d				 ;   case 8:
    158	0204  74 72					 je PrepareSP			 ;	 go to PrepareSP
    159	0206  83 FE 09				     cmp si, 9d				 ;   case 9:
    160	0209  74 78					 je PrepareDS			 ;	 go to PrepareDS
    161	020B  83 FE 0A				     cmp si, 10d			 ;   case 10:
    162	020E  74 7E					 je PrepareES			 ;	 go to PrepareES
    163	0210  83 FE 0B				     cmp si, 11d			 ;   case 11:
    164	0213  75 03					 jne CheckCS			 ;
    165	0215  E9 0081					 jmp near ptr PrepareSS		 ;	 go to PrepareSS
    166	0218  83 FE 0C		     CheckCS:	     cmp si, 12d			 ;   case 12:
    167	021B  75 03					 jne CheckIP			 ;
    168	021D  E9 0084					 jmp near ptr PrepareCS		 ;	 go to PrepareCS
    169	0220  83 FE 0D		     CheckIP:	     cmp si, 13d			 ;   case 13:
    170	0223  75 03					 jne CheckDefault		 ;
    171	0225  E9 0087					 jmp near ptr PrepareIP		 ;	 go to PrepareIP
Turbo Assembler	 Version 4.1	    03/13/26 22:57:31	    Page 4
resident.asm



    172	0228  E9 008F		     CheckDefault:   jmp DefaultRegister		 ;   default:
    173											 ;	 go to DefaultRegister}
    174
    175
    176
    177	022B			     PrepareAX:
    178	022B  BF 0000r				     mov di, offset base_text_ax	 ; set offset the symbol for print to DI
    179
    180	022E  2E: 8B 16	004Er			     mov dx, cs:[value_ax]		 ; the value will be keep in DX
    181	0233  E9 0089				     jmp PrintBaseString
    182
    183	0236			     PrepareBX:
    184	0236  BF 0006r				     mov di, offset base_text_bx	 ; set offset the symbol for print to DI
    185
    186	0239  2E: 8B 16	0050r			     mov dx, cs:[value_bx]		 ; the value will be keep in DX
    187	023E  EB 7F 90				     jmp PrintBaseString
    188
    189	0241			     PrepareCX:
    190	0241  BF 000Cr				     mov di, offset base_text_cx	 ; set offset the symbol for print to DI
    191
    192	0244  2E: 8B 16	0052r			     mov dx, cs:[value_cx]		 ; the value will be keep in DX
    193	0249  EB 74 90				     jmp PrintBaseString
    194
    195	024C			     PrepareDX:
    196	024C  BF 0012r				     mov di, offset base_text_dx	 ; set offset the symbol for print to DI
    197
    198	024F  2E: 8B 16	0054r			     mov dx, cs:[value_dx]		 ; the value will be keep in DX
    199	0254  EB 69 90				     jmp PrintBaseString
    200
    201	0257			     PrepareSI:
    202	0257  BF 0018r				     mov di, offset base_text_si	 ; set offset the symbol for print to DI
    203
    204	025A  2E: 8B 16	0056r			     mov dx, cs:[value_si]		 ; the value will be keep in DX
    205	025F  EB 5E 90				     jmp PrintBaseString
    206
    207	0262			     PrepareDI:
    208	0262  BF 001Er				     mov di, offset base_text_di	 ; set offset the symbol for print to DI
    209
    210	0265  2E: 8B 16	0058r			     mov dx, cs:[value_di]		 ; the value will be keep in DX
    211	026A  EB 53 90				     jmp PrintBaseString
    212
    213	026D			     PrepareBP:
    214	026D  BF 0024r				     mov di, offset base_text_bp	 ; set offset the symbol for print to DI
    215
    216	0270  2E: 8B 16	005Ar			     mov dx, cs:[value_bp]		 ; the value will be keep in DX
    217	0275  EB 48 90				     jmp PrintBaseString
    218
    219	0278			     PrepareSP:
    220	0278  BF 002Ar				     mov di, offset base_text_sp	 ; set offset the symbol for print to DI
    221
    222	027B  2E: 8B 16	005Cr			     mov dx, cs:[value_sp]		 ; the value will be keep in DX
    223	0280  EB 3D 90				     jmp PrintBaseString
    224
    225	0283			     PrepareDS:
    226	0283  BF 0030r				     mov di, offset base_text_ds	 ; set offset the symbol for print to DI
    227
    228	0286  2E: 8B 16	005Er			     mov dx, cs:[value_ds]		 ; the value will be keep in DX
Turbo Assembler	 Version 4.1	    03/13/26 22:57:31	    Page 5
resident.asm



    229	028B  EB 32 90				     jmp PrintBaseString
    230
    231	028E			     PrepareES:
    232	028E  BF 0036r				     mov di, offset base_text_es	 ; set offset the symbol for print to DI
    233
    234	0291  2E: 8B 16	0060r			     mov dx, cs:[value_es]		 ; the value will be keep in DX
    235	0296  EB 27 90				     jmp PrintBaseString
    236
    237	0299			     PrepareSS:
    238	0299  BF 003Cr				     mov di, offset base_text_ss	 ; set offset the symbol for print to DI
    239
    240	029C  2E: 8B 16	0062r			     mov dx, cs:[value_ss]		 ; the value will be keep in DX
    241	02A1  EB 1C 90				     jmp PrintBaseString
    242
    243	02A4			     PrepareCS:
    244	02A4  BF 0042r				     mov di, offset base_text_cs	 ; set offset the symbol for print to DI
    245
    246	02A7  2E: 8B 16	0064r			     mov dx, cs:[value_cs]		 ; the value will be keep in DX
    247	02AC  EB 11 90				     jmp PrintBaseString
    248
    249	02AF			     PrepareIP:
    250	02AF  BF 0048r				     mov di, offset base_text_ip	 ; set offset the symbol for print to DI
    251
    252	02B2  2E: 8B 16	0066r			     mov dx, cs:[value_ip]		 ; the value will be keep in DX
    253	02B7  EB 06 90				     jmp PrintBaseString
    254
    255	02BA			     DefaultRegister:
    256	02BA  B8 4C00				     mov ax, 4c00h
    257	02BD  CD 21				     int 21h
    258				     ;--------------------------------------------------------------;
    259				     ;			   the end of preparing			    ;
    260				     ;--------------------------------------------------------------;
    261
    262
    263
    264				     ;--------------------------------------------------------------;
    265				     ;			 start to print	registers		    ;
    266				     ;--------------------------------------------------------------;
    267	02BF			     PrintBaseString:
    268	02BF  2E: 8A 05				     mov al, cs:[di]			 ; transfer the	symbol from CS:[DI] to AL   +
    269				     (exacly CS, cause CS - segment where saved	all functions and strings)
    270	02C2  B4 2E				     mov ah, COLOR_TEXT
    271
    272	02C4  3C 24				     cmp al, '$'			 ; if (symbol == '$'): go to PrintValue
    273	02C6  74 09				     je	PrintValue			 ;
    274
    275	02C8  26: 89 07				     mov es:[bx], ax			 ; print symbol	in his place
    276	02CB  83 C3 02				     add bx, 2d				 ; moving the place of print to	1 position  +
    277				     (2	bytes)
    278
    279	02CE  47				     inc di				 ; get the next	adress of symbol in	    +
    280				     base_text_ax
    281	02CF  EB EE				     jmp PrintBaseString
    282
    283
    284	02D1			     PrintValue:
    285	02D1  D1 C2 D1 C2 D1 C2	D1+		     rol dx, 4d				 ; set to position 4 bits
Turbo Assembler	 Version 4.1	    03/13/26 22:57:31	    Page 6
resident.asm



    286	      C2
    287	02D9  8B FA				     mov di, dx
    288	02DB  83 E7 0F				     and di, 0000000000001111b		 ; reset the remaining bits
    289	02DE  81 C7 0068r			     add di, offset convert_num		 ; DI -	offset to the right symbol in str   +
    290				     convert_num, so CS:[DI] - symbol in HEX
    291
    292	02E2  2E: 8A 05				     mov al, cs:[di]			 ; transfer the	symbol from CS:[DI] to AL
    293	02E5  B4 2E				     mov ah, COLOR_TEXT
    294
    295	02E7  26: 89 07				     mov es:[bx], ax			 ; update the place (ES:[BX]) and print	the +
    296				     symbol
    297	02EA  83 C3 02				     add bx, 2d				 ;
    298
    299	02ED  41				     inc cx				 ; counter++
    300	02EE  83 F9 04				     cmp cx, 4d				 ; if (cx < 4):	go to PrintValue
    301	02F1  72 DE				     jb	PrintValue			 ;
    302
    303
    304	02F3  81 C3 008E			     add bx, 2 * (80 - 9)		 ; transfer BX on the next string
    305	02F7  46				     inc si
    306	02F8  83 FE 0D				     cmp si, 13d			 ; if (SI > 13):	//13 - number of    +
    307				     registers to print
    308	02FB  77 03				     ja	MakeFrame			 ; go to MakeFrame
    309	02FD  E9 FEDB				     jmp near ptr PrintString		 ; else: go to PrintString
    310				     ;--------------------------------------------------------------;
    311				     ;			 the end printing registers		    ;
    312				     ;--------------------------------------------------------------;
    313
    314
    315
    316	0300			     MakeFrame:
    317				     ;--------------------------------------------------------------;
    318				     ;			  start	to make	a frame			    ;
    319				     ;--------------------------------------------------------------;
    320	0300  B9 0000				     mov cx, 0				 ; CX -	counter	of symbols
    321	0303			     MakeHorizontalLowerLine:
    322	0303  B0 CD				     mov al, 205			 ; ASCII code of the horizontal	symbol
    323	0305  B4 2E				     mov ah, COLOR_TEXT
    324	0307  26: 89 07				     mov es:[bx], ax
    325
    326	030A  83 C3 02				     add bx, 2d				 ; change the position of printing
    327	030D  41				     inc cx
    328
    329	030E  83 F9 09				     cmp cx, 9d				 ; if (cx < 9):
    330	0311  72 F0				     jb	MakeHorizontalLowerLine		 ; go to MakeHorizontalLowerLine
    331
    332
    333	0313			     MakeLowerRightCornerCharacter:
    334	0313  B0 BC				     mov al, 188			 ; ASCII code of the lower-right corner	    +
    335				     character
    336	0315  B4 2E				     mov ah, COLOR_TEXT
    337	0317  26: 89 07				     mov es:[bx], ax
    338
    339
    340	031A  81 EB 00A0			     sub bx, 2 * 80			 ; change the position of printing to the   +
    341				     next part of frame
    342	031E  B9 0000				     mov cx, 0				 ; CX -	counter	of symbols
Turbo Assembler	 Version 4.1	    03/13/26 22:57:31	    Page 7
resident.asm



    343	0321			     MakeVerticalRightLine:
    344	0321  B0 BA				     mov al, 186			 ; ASCII code of the vertical symbol
    345	0323  B4 2E				     mov ah, COLOR_TEXT
    346	0325  26: 89 07				     mov es:[bx], ax
    347
    348	0328  81 EB 00A0			     sub bx, 2 * 80			 ; change the position of printing
    349	032C  41				     inc cx
    350
    351	032D  83 F9 0D				     cmp cx, 13d			  ; if (cx < 9):
    352	0330  72 EF				     jb	MakeVerticalRightLine		 ; go to MakeVerticalRightLine
    353
    354
    355	0332			     MakeUpperRightCornerCharacter:
    356	0332  B0 BB				     mov al, 187			 ; ASCII code of the upper-right corner	    +
    357				     character
    358	0334  B4 2E				     mov ah, COLOR_TEXT
    359	0336  26: 89 07				     mov es:[bx], ax
    360
    361
    362	0339  83 EB 02				     sub bx, 2				 ; change the position of printing to the   +
    363				     next part of frame
    364	033C  B9 0000				     mov cx, 0				 ; CX -	counter	of symbols
    365	033F			     MakeHorizontalUpperLine:
    366	033F  B0 CD				     mov al, 205			 ; ASCII code of the horizontal	symbol
    367	0341  B4 2E				     mov ah, COLOR_TEXT
    368	0343  26: 89 07				     mov es:[bx], ax
    369
    370	0346  83 EB 02				     sub bx, 2d				 ; change the position of printing
    371	0349  41				     inc cx
    372
    373	034A  83 F9 09				     cmp cx, 9d				 ; if (cx < 9):
    374	034D  72 F0				     jb	MakeHorizontalUpperLine		 ; go to MakeHorizontalUpperLine
    375
    376
    377	034F			     MakeUpperLeftCornerCharacter:
    378	034F  B0 C9				     mov al, 201			 ; ASCII code of the upper-right corner	    +
    379				     character
    380	0351  B4 2E				     mov ah, COLOR_TEXT
    381	0353  26: 89 07				     mov es:[bx], ax
    382
    383
    384	0356  81 C3 00A0			     add bx, 2 * 80			 ; change the position of printing to the   +
    385				     next part of frame
    386	035A  B9 0000				     mov cx, 0				 ; CX -	counter	of symbols
    387	035D			     MakeVerticalLeftLine:
    388	035D  B0 BA				     mov al, 186			 ; ASCII code of the vertical symbol
    389	035F  B4 2E				     mov ah, COLOR_TEXT
    390	0361  26: 89 07				     mov es:[bx], ax
    391
    392	0364  81 C3 00A0			     add bx, 2 * 80			 ; change the position of printing
    393	0368  41				     inc cx
    394
    395	0369  83 F9 0D				     cmp cx, 13d			  ; if (cx < 9):
    396	036C  72 EF				     jb	MakeVerticalLeftLine		  ; go to MakeVerticalLeftLine
    397
    398
    399	036E			     MakeLowerLeftCornerCharacter:
Turbo Assembler	 Version 4.1	    03/13/26 22:57:31	    Page 8
resident.asm



    400	036E  B0 C8				     mov al, 200			 ; ASCII code of the upper-right corner	    +
    401				     character
    402	0370  B4 2E				     mov ah, COLOR_TEXT
    403	0372  26: 89 07				     mov es:[bx], ax
    404				     ;--------------------------------------------------------------;
    405				     ;			 the end to make a frame		    ;
    406				     ;--------------------------------------------------------------;
    407
    408
    409
    410	0375			     EndOfPrintingRegisters:
    411	0375  17 07 1F 5C 5D 5F	5E+		     pop ss es ds sp bp	di si dx cx bx ax
    412	      5A 59 5B 58
    413	0380  C3				     ret
    414
    415	0381			     PrintFrame	ENDP
    416
    417
    418
    419	0381			     .data
    420	0000  41 58 20 3D 20 24	     base_text_ax db 'AX = ', '$'
    421	0006  42 58 20 3D 20 24	     base_text_bx db 'BX = ', '$'
    422	000C  43 58 20 3D 20 24	     base_text_cx db 'CX = ', '$'
    423	0012  44 58 20 3D 20 24	     base_text_dx db 'DX = ', '$'
    424	0018  53 49 20 3D 20 24	     base_text_si db 'SI = ', '$'
    425	001E  44 49 20 3D 20 24	     base_text_di db 'DI = ', '$'
    426	0024  42 50 20 3D 20 24	     base_text_bp db 'BP = ', '$'
    427	002A  53 50 20 3D 20 24	     base_text_sp db 'SP = ', '$'
    428	0030  44 53 20 3D 20 24	     base_text_ds db 'DS = ', '$'
    429	0036  45 53 20 3D 20 24	     base_text_es db 'ES = ', '$'
    430	003C  53 53 20 3D 20 24	     base_text_ss db 'SS = ', '$'
    431	0042  43 53 20 3D 20 24	     base_text_cs db 'CS = ', '$'
    432	0048  49 50 20 3D 20 24	     base_text_ip db 'IP = ', '$'
    433	004E  0000		     value_ax	  dw 0
    434	0050  0000		     value_bx	  dw 0
    435	0052  0000		     value_cx	  dw 0
    436	0054  0000		     value_dx	  dw 0
    437	0056  0000		     value_si	  dw 0
    438	0058  0000		     value_di	  dw 0
    439	005A  0000		     value_bp	  dw 0
    440	005C  0000		     value_sp	  dw 0
    441	005E  0000		     value_ds	  dw 0
    442	0060  0000		     value_es	  dw 0
    443	0062  0000		     value_ss	  dw 0
    444	0064  0000		     value_cs	  dw 0
    445	0066  0000		     value_ip	  dw 0
    446	0068  30 31 32 33 34 35	36+  convert_num  db "0123456789ABCDEF"
    447	      37 38 39 41 42 43	44+
    448	      45 46
    449
    450
    451
    452	0078			     EndOfProgram:
    453				     End	     Start
Turbo Assembler	 Version 4.1	    03/13/26 22:57:31	    Page 9
Symbol Table




Symbol Name			  Type	 Value

??DATE				  Text	 "03/13/26"
??FILENAME			  Text	 "resident"
??TIME				  Text	 "22:57:31"
??VERSION			  Number 040A
@32BIT				  Text	 0
@CODE				  Text	 DGROUP
@CODESIZE			  Text	 0
@CPU				  Text	 0101H
@CURSEG				  Text	 _DATA
@DATA				  Text	 DGROUP
@DATASIZE			  Text	 0
@FILENAME			  Text	 RESIDENT
@INTERFACE			  Text	 000H
@MODEL				  Text	 1
@STACK				  Text	 DGROUP
@WORDSIZE			  Text	 2
BASE_TEXT_AX			  Byte	 DGROUP:0000
BASE_TEXT_BP			  Byte	 DGROUP:0024
BASE_TEXT_BX			  Byte	 DGROUP:0006
BASE_TEXT_CS			  Byte	 DGROUP:0042
BASE_TEXT_CX			  Byte	 DGROUP:000C
BASE_TEXT_DI			  Byte	 DGROUP:001E
BASE_TEXT_DS			  Byte	 DGROUP:0030
BASE_TEXT_DX			  Byte	 DGROUP:0012
BASE_TEXT_ES			  Byte	 DGROUP:0036
BASE_TEXT_IP			  Byte	 DGROUP:0048
BASE_TEXT_SI			  Byte	 DGROUP:0018
BASE_TEXT_SP			  Byte	 DGROUP:002A
BASE_TEXT_SS			  Byte	 DGROUP:003C
CHECKCS				  Near	 DGROUP:0218
CHECKDEFAULT			  Near	 DGROUP:0228
CHECKIP				  Near	 DGROUP:0220
COLOR_TEXT			  Number 002E
CONVERT_NUM			  Byte	 DGROUP:0068
DEFAULTREGISTER			  Near	 DGROUP:02BA
ENDOFPRINTINGREGISTERS		  Near	 DGROUP:0375
ENDOFPROGRAM			  Near	 DGROUP:0078
HOT_KEY				  Number 001F
MAKEFRAME			  Near	 DGROUP:0300
MAKEHORIZONTALLOWERLINE		  Near	 DGROUP:0303
MAKEHORIZONTALUPPERLINE		  Near	 DGROUP:033F
MAKELOWERLEFTCORNERCHARACTER	  Near	 DGROUP:036E
MAKELOWERRIGHTCORNERCHARACTER	  Near	 DGROUP:0313
MAKEUPPERLEFTCORNERCHARACTER	  Near	 DGROUP:034F
MAKEUPPERRIGHTCORNERCHARACTER	  Near	 DGROUP:0332
MAKEVERTICALLEFTLINE		  Near	 DGROUP:035D
MAKEVERTICALRIGHTLINE		  Near	 DGROUP:0321
OFFS_OLD_HAND09			  Word	 DGROUP:01C8
PREPAREAX			  Near	 DGROUP:022B
PREPAREBP			  Near	 DGROUP:026D
PREPAREBX			  Near	 DGROUP:0236
PREPARECS			  Near	 DGROUP:02A4
PREPARECX			  Near	 DGROUP:0241
PREPAREDI			  Near	 DGROUP:0262
Turbo Assembler	 Version 4.1	    03/13/26 22:57:31	    Page 10
Symbol Table



PREPAREDS			  Near	 DGROUP:0283
PREPAREDX			  Near	 DGROUP:024C
PREPAREES			  Near	 DGROUP:028E
PREPAREIP			  Near	 DGROUP:02AF
PREPARESI			  Near	 DGROUP:0257
PREPARESP			  Near	 DGROUP:0278
PREPARESS			  Near	 DGROUP:0299
PRINTBASESTRING			  Near	 DGROUP:02BF
PRINTFRAME			  Near	 DGROUP:01CD
PRINTSTRING			  Near	 DGROUP:01DB
PRINTVALUE			  Near	 DGROUP:02D1
SEGM_OLD_HAND09			  Word	 DGROUP:01CA
SHOWREGISTERS			  Near	 DGROUP:0137
SKIPPRINTFRAME			  Near	 DGROUP:0191
START				  Near	 DGROUP:0100
VALUE_AX			  Word	 DGROUP:004E
VALUE_BP			  Word	 DGROUP:005A
VALUE_BX			  Word	 DGROUP:0050
VALUE_CS			  Word	 DGROUP:0064
VALUE_CX			  Word	 DGROUP:0052
VALUE_DI			  Word	 DGROUP:0058
VALUE_DS			  Word	 DGROUP:005E
VALUE_DX			  Word	 DGROUP:0054
VALUE_ES			  Word	 DGROUP:0060
VALUE_IP			  Word	 DGROUP:0066
VALUE_SI			  Word	 DGROUP:0056
VALUE_SP			  Word	 DGROUP:005C
VALUE_SS			  Word	 DGROUP:0062
VIDEO_SEG			  Number B800

Groups & Segments		  Bit Size Align  Combine Class

DGROUP				  Group
  _DATA				  16  0078 Word	  Public  DATA
  _TEXT				  16  0381 Word	  Public  CODE
